main.c:97:6:SD_RdWrTest	16	static
main.c:118:5:main	32	static
main.c:194:6:SystemClock_Config	104	static
main.c:246:13:MX_I2C1_Init	8	static
main.c:280:13:MX_I2S3_Init	8	static
main.c:314:6:MX_SPI1_Init	8	static
main.c:352:13:MX_UART4_Init	8	static
main.c:383:13:MX_DMA_Init	16	static
main.c:401:13:MX_GPIO_Init	56	static
main.c:452:6:Task1	600	static
main.c:481:6:Task2	592	static
main.c:507:6:Task3	16	static
main.c:515:6:HAL_GPIO_EXTI_Callback	24	static,ignoring_inline_asm
main.c:546:6:HAL_TIM_PeriodElapsedCallback	16	static
main.c:563:6:Error_Handler	4	static,ignoring_inline_asm
